Archive member included because of file (symbol)

c:/program files/gnu tools arm embedded/4.9 2015q1/bin/../lib/gcc/arm-none-eabi/4.9.3/../../../../arm-none-eabi/lib/armv7e-m\libc.a(lib_a-exit.o)
                              c:/program files/gnu tools arm embedded/4.9 2015q1/bin/../lib/gcc/arm-none-eabi/4.9.3/../../../../arm-none-eabi/lib/armv7e-m/crt0.o (exit)
c:/program files/gnu tools arm embedded/4.9 2015q1/bin/../lib/gcc/arm-none-eabi/4.9.3/../../../../arm-none-eabi/lib/armv7e-m\libc.a(lib_a-impure.o)
                              c:/program files/gnu tools arm embedded/4.9 2015q1/bin/../lib/gcc/arm-none-eabi/4.9.3/../../../../arm-none-eabi/lib/armv7e-m\libc.a(lib_a-exit.o) (_global_impure_ptr)
c:/program files/gnu tools arm embedded/4.9 2015q1/bin/../lib/gcc/arm-none-eabi/4.9.3/../../../../arm-none-eabi/lib/armv7e-m\libc.a(lib_a-init.o)
                              c:/program files/gnu tools arm embedded/4.9 2015q1/bin/../lib/gcc/arm-none-eabi/4.9.3/../../../../arm-none-eabi/lib/armv7e-m/crt0.o (__libc_init_array)
c:/program files/gnu tools arm embedded/4.9 2015q1/bin/../lib/gcc/arm-none-eabi/4.9.3/../../../../arm-none-eabi/lib/armv7e-m\libc.a(lib_a-memset.o)
                              c:/program files/gnu tools arm embedded/4.9 2015q1/bin/../lib/gcc/arm-none-eabi/4.9.3/../../../../arm-none-eabi/lib/armv7e-m/crt0.o (memset)
c:/program files/gnu tools arm embedded/4.9 2015q1/bin/../lib/gcc/arm-none-eabi/4.9.3/../../../../arm-none-eabi/lib/armv7e-m\libc.a(lib_a-__call_atexit.o)
                              c:/program files/gnu tools arm embedded/4.9 2015q1/bin/../lib/gcc/arm-none-eabi/4.9.3/../../../../arm-none-eabi/lib/armv7e-m\libc.a(lib_a-exit.o) (__call_exitprocs)
c:/program files/gnu tools arm embedded/4.9 2015q1/bin/../lib/gcc/arm-none-eabi/4.9.3/../../../../arm-none-eabi/lib/armv7e-m\libc.a(lib_a-atexit.o)
                              c:/program files/gnu tools arm embedded/4.9 2015q1/bin/../lib/gcc/arm-none-eabi/4.9.3/../../../../arm-none-eabi/lib/armv7e-m\libc.a(lib_a-__call_atexit.o) (atexit)
c:/program files/gnu tools arm embedded/4.9 2015q1/bin/../lib/gcc/arm-none-eabi/4.9.3/../../../../arm-none-eabi/lib/armv7e-m\libc.a(lib_a-fini.o)
                              c:/program files/gnu tools arm embedded/4.9 2015q1/bin/../lib/gcc/arm-none-eabi/4.9.3/../../../../arm-none-eabi/lib/armv7e-m\libc.a(lib_a-__call_atexit.o) (__libc_fini_array)
c:/program files/gnu tools arm embedded/4.9 2015q1/bin/../lib/gcc/arm-none-eabi/4.9.3/../../../../arm-none-eabi/lib/armv7e-m\libc.a(lib_a-__atexit.o)
                              c:/program files/gnu tools arm embedded/4.9 2015q1/bin/../lib/gcc/arm-none-eabi/4.9.3/../../../../arm-none-eabi/lib/armv7e-m\libc.a(lib_a-atexit.o) (__register_exitproc)

Discarded input sections

 .text          0x00000000        0x0 c:/program files/gnu tools arm embedded/4.9 2015q1/bin/../lib/gcc/arm-none-eabi/4.9.3/armv7e-m/crti.o
 .data          0x00000000        0x0 c:/program files/gnu tools arm embedded/4.9 2015q1/bin/../lib/gcc/arm-none-eabi/4.9.3/armv7e-m/crti.o
 .bss           0x00000000        0x0 c:/program files/gnu tools arm embedded/4.9 2015q1/bin/../lib/gcc/arm-none-eabi/4.9.3/armv7e-m/crti.o
 .data          0x00000000        0x4 c:/program files/gnu tools arm embedded/4.9 2015q1/bin/../lib/gcc/arm-none-eabi/4.9.3/armv7e-m/crtbegin.o
 .text          0x00000000       0x74 c:/program files/gnu tools arm embedded/4.9 2015q1/bin/../lib/gcc/arm-none-eabi/4.9.3/../../../../arm-none-eabi/lib/armv7e-m/crt0.o
 .data          0x00000000        0x0 c:/program files/gnu tools arm embedded/4.9 2015q1/bin/../lib/gcc/arm-none-eabi/4.9.3/../../../../arm-none-eabi/lib/armv7e-m/crt0.o
 .bss           0x00000000        0x0 c:/program files/gnu tools arm embedded/4.9 2015q1/bin/../lib/gcc/arm-none-eabi/4.9.3/../../../../arm-none-eabi/lib/armv7e-m/crt0.o
 .ARM.extab     0x00000000        0x0 c:/program files/gnu tools arm embedded/4.9 2015q1/bin/../lib/gcc/arm-none-eabi/4.9.3/../../../../arm-none-eabi/lib/armv7e-m/crt0.o
 .ARM.exidx     0x00000000        0x8 c:/program files/gnu tools arm embedded/4.9 2015q1/bin/../lib/gcc/arm-none-eabi/4.9.3/../../../../arm-none-eabi/lib/armv7e-m/crt0.o
 .ARM.attributes
                0x00000000       0x1c c:/program files/gnu tools arm embedded/4.9 2015q1/bin/../lib/gcc/arm-none-eabi/4.9.3/../../../../arm-none-eabi/lib/armv7e-m/crt0.o
 .text          0x00000000        0x0 c:/program files/gnu tools arm embedded/4.9 2015q1/bin/../lib/gcc/arm-none-eabi/4.9.3/../../../../arm-none-eabi/lib/armv7e-m\libc.a(lib_a-exit.o)
 .data          0x00000000        0x0 c:/program files/gnu tools arm embedded/4.9 2015q1/bin/../lib/gcc/arm-none-eabi/4.9.3/../../../../arm-none-eabi/lib/armv7e-m\libc.a(lib_a-exit.o)
 .bss           0x00000000        0x0 c:/program files/gnu tools arm embedded/4.9 2015q1/bin/../lib/gcc/arm-none-eabi/4.9.3/../../../../arm-none-eabi/lib/armv7e-m\libc.a(lib_a-exit.o)
 .text.exit     0x00000000       0x20 c:/program files/gnu tools arm embedded/4.9 2015q1/bin/../lib/gcc/arm-none-eabi/4.9.3/../../../../arm-none-eabi/lib/armv7e-m\libc.a(lib_a-exit.o)
 .debug_frame   0x00000000       0x28 c:/program files/gnu tools arm embedded/4.9 2015q1/bin/../lib/gcc/arm-none-eabi/4.9.3/../../../../arm-none-eabi/lib/armv7e-m\libc.a(lib_a-exit.o)
 .ARM.attributes
                0x00000000       0x2e c:/program files/gnu tools arm embedded/4.9 2015q1/bin/../lib/gcc/arm-none-eabi/4.9.3/../../../../arm-none-eabi/lib/armv7e-m\libc.a(lib_a-exit.o)
 .text          0x00000000        0x0 c:/program files/gnu tools arm embedded/4.9 2015q1/bin/../lib/gcc/arm-none-eabi/4.9.3/../../../../arm-none-eabi/lib/armv7e-m\libc.a(lib_a-impure.o)
 .data          0x00000000        0x0 c:/program files/gnu tools arm embedded/4.9 2015q1/bin/../lib/gcc/arm-none-eabi/4.9.3/../../../../arm-none-eabi/lib/armv7e-m\libc.a(lib_a-impure.o)
 .bss           0x00000000        0x0 c:/program files/gnu tools arm embedded/4.9 2015q1/bin/../lib/gcc/arm-none-eabi/4.9.3/../../../../arm-none-eabi/lib/armv7e-m\libc.a(lib_a-impure.o)
 .data._impure_ptr
                0x00000000        0x4 c:/program files/gnu tools arm embedded/4.9 2015q1/bin/../lib/gcc/arm-none-eabi/4.9.3/../../../../arm-none-eabi/lib/armv7e-m\libc.a(lib_a-impure.o)
 .ARM.attributes
                0x00000000       0x2e c:/program files/gnu tools arm embedded/4.9 2015q1/bin/../lib/gcc/arm-none-eabi/4.9.3/../../../../arm-none-eabi/lib/armv7e-m\libc.a(lib_a-impure.o)
 .text          0x00000000        0x0 c:/program files/gnu tools arm embedded/4.9 2015q1/bin/../lib/gcc/arm-none-eabi/4.9.3/../../../../arm-none-eabi/lib/armv7e-m\libc.a(lib_a-init.o)
 .data          0x00000000        0x0 c:/program files/gnu tools arm embedded/4.9 2015q1/bin/../lib/gcc/arm-none-eabi/4.9.3/../../../../arm-none-eabi/lib/armv7e-m\libc.a(lib_a-init.o)
 .bss           0x00000000        0x0 c:/program files/gnu tools arm embedded/4.9 2015q1/bin/../lib/gcc/arm-none-eabi/4.9.3/../../../../arm-none-eabi/lib/armv7e-m\libc.a(lib_a-init.o)
 .debug_frame   0x00000000       0x2c c:/program files/gnu tools arm embedded/4.9 2015q1/bin/../lib/gcc/arm-none-eabi/4.9.3/../../../../arm-none-eabi/lib/armv7e-m\libc.a(lib_a-init.o)
 .ARM.attributes
                0x00000000       0x2e c:/program files/gnu tools arm embedded/4.9 2015q1/bin/../lib/gcc/arm-none-eabi/4.9.3/../../../../arm-none-eabi/lib/armv7e-m\libc.a(lib_a-init.o)
 .text          0x00000000        0x0 c:/program files/gnu tools arm embedded/4.9 2015q1/bin/../lib/gcc/arm-none-eabi/4.9.3/../../../../arm-none-eabi/lib/armv7e-m\libc.a(lib_a-memset.o)
 .data          0x00000000        0x0 c:/program files/gnu tools arm embedded/4.9 2015q1/bin/../lib/gcc/arm-none-eabi/4.9.3/../../../../arm-none-eabi/lib/armv7e-m\libc.a(lib_a-memset.o)
 .bss           0x00000000        0x0 c:/program files/gnu tools arm embedded/4.9 2015q1/bin/../lib/gcc/arm-none-eabi/4.9.3/../../../../arm-none-eabi/lib/armv7e-m\libc.a(lib_a-memset.o)
 .text.memset   0x00000000       0x9c c:/program files/gnu tools arm embedded/4.9 2015q1/bin/../lib/gcc/arm-none-eabi/4.9.3/../../../../arm-none-eabi/lib/armv7e-m\libc.a(lib_a-memset.o)
 .debug_frame   0x00000000       0x34 c:/program files/gnu tools arm embedded/4.9 2015q1/bin/../lib/gcc/arm-none-eabi/4.9.3/../../../../arm-none-eabi/lib/armv7e-m\libc.a(lib_a-memset.o)
 .ARM.attributes
                0x00000000       0x2e c:/program files/gnu tools arm embedded/4.9 2015q1/bin/../lib/gcc/arm-none-eabi/4.9.3/../../../../arm-none-eabi/lib/armv7e-m\libc.a(lib_a-memset.o)
 .text          0x00000000        0x0 c:/program files/gnu tools arm embedded/4.9 2015q1/bin/../lib/gcc/arm-none-eabi/4.9.3/../../../../arm-none-eabi/lib/armv7e-m\libc.a(lib_a-__call_atexit.o)
 .data          0x00000000        0x0 c:/program files/gnu tools arm embedded/4.9 2015q1/bin/../lib/gcc/arm-none-eabi/4.9.3/../../../../arm-none-eabi/lib/armv7e-m\libc.a(lib_a-__call_atexit.o)
 .bss           0x00000000        0x0 c:/program files/gnu tools arm embedded/4.9 2015q1/bin/../lib/gcc/arm-none-eabi/4.9.3/../../../../arm-none-eabi/lib/armv7e-m\libc.a(lib_a-__call_atexit.o)
 .text.__call_exitprocs
                0x00000000       0xd4 c:/program files/gnu tools arm embedded/4.9 2015q1/bin/../lib/gcc/arm-none-eabi/4.9.3/../../../../arm-none-eabi/lib/armv7e-m\libc.a(lib_a-__call_atexit.o)
 .debug_frame   0x00000000       0x50 c:/program files/gnu tools arm embedded/4.9 2015q1/bin/../lib/gcc/arm-none-eabi/4.9.3/../../../../arm-none-eabi/lib/armv7e-m\libc.a(lib_a-__call_atexit.o)
 .ARM.attributes
                0x00000000       0x2e c:/program files/gnu tools arm embedded/4.9 2015q1/bin/../lib/gcc/arm-none-eabi/4.9.3/../../../../arm-none-eabi/lib/armv7e-m\libc.a(lib_a-__call_atexit.o)
 .text          0x00000000        0x0 c:/program files/gnu tools arm embedded/4.9 2015q1/bin/../lib/gcc/arm-none-eabi/4.9.3/../../../../arm-none-eabi/lib/armv7e-m\libc.a(lib_a-atexit.o)
 .data          0x00000000        0x0 c:/program files/gnu tools arm embedded/4.9 2015q1/bin/../lib/gcc/arm-none-eabi/4.9.3/../../../../arm-none-eabi/lib/armv7e-m\libc.a(lib_a-atexit.o)
 .bss           0x00000000        0x0 c:/program files/gnu tools arm embedded/4.9 2015q1/bin/../lib/gcc/arm-none-eabi/4.9.3/../../../../arm-none-eabi/lib/armv7e-m\libc.a(lib_a-atexit.o)
 .debug_frame   0x00000000       0x20 c:/program files/gnu tools arm embedded/4.9 2015q1/bin/../lib/gcc/arm-none-eabi/4.9.3/../../../../arm-none-eabi/lib/armv7e-m\libc.a(lib_a-atexit.o)
 .ARM.attributes
                0x00000000       0x2e c:/program files/gnu tools arm embedded/4.9 2015q1/bin/../lib/gcc/arm-none-eabi/4.9.3/../../../../arm-none-eabi/lib/armv7e-m\libc.a(lib_a-atexit.o)
 .text          0x00000000        0x0 c:/program files/gnu tools arm embedded/4.9 2015q1/bin/../lib/gcc/arm-none-eabi/4.9.3/../../../../arm-none-eabi/lib/armv7e-m\libc.a(lib_a-fini.o)
 .data          0x00000000        0x0 c:/program files/gnu tools arm embedded/4.9 2015q1/bin/../lib/gcc/arm-none-eabi/4.9.3/../../../../arm-none-eabi/lib/armv7e-m\libc.a(lib_a-fini.o)
 .bss           0x00000000        0x0 c:/program files/gnu tools arm embedded/4.9 2015q1/bin/../lib/gcc/arm-none-eabi/4.9.3/../../../../arm-none-eabi/lib/armv7e-m\libc.a(lib_a-fini.o)
 .debug_frame   0x00000000       0x34 c:/program files/gnu tools arm embedded/4.9 2015q1/bin/../lib/gcc/arm-none-eabi/4.9.3/../../../../arm-none-eabi/lib/armv7e-m\libc.a(lib_a-fini.o)
 .ARM.attributes
                0x00000000       0x2e c:/program files/gnu tools arm embedded/4.9 2015q1/bin/../lib/gcc/arm-none-eabi/4.9.3/../../../../arm-none-eabi/lib/armv7e-m\libc.a(lib_a-fini.o)
 .text          0x00000000        0x0 c:/program files/gnu tools arm embedded/4.9 2015q1/bin/../lib/gcc/arm-none-eabi/4.9.3/../../../../arm-none-eabi/lib/armv7e-m\libc.a(lib_a-__atexit.o)
 .data          0x00000000        0x0 c:/program files/gnu tools arm embedded/4.9 2015q1/bin/../lib/gcc/arm-none-eabi/4.9.3/../../../../arm-none-eabi/lib/armv7e-m\libc.a(lib_a-__atexit.o)
 .bss           0x00000000        0x0 c:/program files/gnu tools arm embedded/4.9 2015q1/bin/../lib/gcc/arm-none-eabi/4.9.3/../../../../arm-none-eabi/lib/armv7e-m\libc.a(lib_a-__atexit.o)
 .debug_frame   0x00000000       0x34 c:/program files/gnu tools arm embedded/4.9 2015q1/bin/../lib/gcc/arm-none-eabi/4.9.3/../../../../arm-none-eabi/lib/armv7e-m\libc.a(lib_a-__atexit.o)
 .ARM.attributes
                0x00000000       0x2e c:/program files/gnu tools arm embedded/4.9 2015q1/bin/../lib/gcc/arm-none-eabi/4.9.3/../../../../arm-none-eabi/lib/armv7e-m\libc.a(lib_a-__atexit.o)
 .data          0x00000000        0x0 ..\obj\ButtonSM.o
 .bss           0x00000000        0x0 ..\obj\ButtonSM.o
 .text          0x00000000      0x544 ..\obj\stm32f4xx_hal_cortex.o
 .data          0x00000000        0x0 ..\obj\stm32f4xx_hal_cortex.o
 .bss           0x00000000        0x0 ..\obj\stm32f4xx_hal_cortex.o
 .debug_info    0x00000000      0xbac ..\obj\stm32f4xx_hal_cortex.o
 .debug_abbrev  0x00000000      0x299 ..\obj\stm32f4xx_hal_cortex.o
 .debug_aranges
                0x00000000       0x20 ..\obj\stm32f4xx_hal_cortex.o
 .debug_line    0x00000000      0x339 ..\obj\stm32f4xx_hal_cortex.o
 .debug_str     0x00000000      0xb4b ..\obj\stm32f4xx_hal_cortex.o
 .comment       0x00000000       0x71 ..\obj\stm32f4xx_hal_cortex.o
 .debug_frame   0x00000000      0x428 ..\obj\stm32f4xx_hal_cortex.o
 .ARM.attributes
                0x00000000       0x33 ..\obj\stm32f4xx_hal_cortex.o
 .data          0x00000000        0x0 ..\obj\initButton.o
 .bss           0x00000000        0x0 ..\obj\initButton.o
 .data          0x00000000        0x0 ..\obj\Button.o
 .bss           0x00000000        0x0 ..\obj\Button.o
 .data          0x00000000        0x0 ..\obj\initLED.o
 .bss           0x00000000        0x0 ..\obj\initLED.o
 .bss           0x00000000        0x0 ..\obj\system_stm32f4xx.o
 .text          0x00000000      0x368 ..\obj\stm32f4xx_hal.o
 .data          0x00000000        0x0 ..\obj\stm32f4xx_hal.o
 .bss           0x00000000        0x4 ..\obj\stm32f4xx_hal.o
 .debug_info    0x00000000      0xa1c ..\obj\stm32f4xx_hal.o
 .debug_abbrev  0x00000000      0x1ff ..\obj\stm32f4xx_hal.o
 .debug_aranges
                0x00000000       0x20 ..\obj\stm32f4xx_hal.o
 .debug_line    0x00000000      0x340 ..\obj\stm32f4xx_hal.o
 .debug_str     0x00000000      0xb10 ..\obj\stm32f4xx_hal.o
 .comment       0x00000000       0x71 ..\obj\stm32f4xx_hal.o
 .debug_frame   0x00000000      0x310 ..\obj\stm32f4xx_hal.o
 .ARM.attributes
                0x00000000       0x33 ..\obj\stm32f4xx_hal.o
 .data          0x00000000        0x0 ..\obj\TimerExpires.o
 .data          0x00000000        0x0 ..\obj\stm32f4xx_hal_gpio.o
 .bss           0x00000000        0x0 ..\obj\stm32f4xx_hal_gpio.o
 .data          0x00000000        0x0 ..\obj\LedSM.o
 .bss           0x00000000        0x0 ..\obj\LedSM.o
 .text          0x00000000      0xd74 ..\obj\stm32f4xx_hal_rcc.o
 .data          0x00000000        0x0 ..\obj\stm32f4xx_hal_rcc.o
 .bss           0x00000000        0x0 ..\obj\stm32f4xx_hal_rcc.o
 .rodata        0x00000000       0x10 ..\obj\stm32f4xx_hal_rcc.o
 .debug_info    0x00000000      0xe27 ..\obj\stm32f4xx_hal_rcc.o
 .debug_abbrev  0x00000000      0x25a ..\obj\stm32f4xx_hal_rcc.o
 .debug_aranges
                0x00000000       0x20 ..\obj\stm32f4xx_hal_rcc.o
 .debug_line    0x00000000      0x59c ..\obj\stm32f4xx_hal_rcc.o
 .debug_str     0x00000000      0x6c9 ..\obj\stm32f4xx_hal_rcc.o
 .comment       0x00000000       0x71 ..\obj\stm32f4xx_hal_rcc.o
 .debug_frame   0x00000000      0x204 ..\obj\stm32f4xx_hal_rcc.o
 .ARM.attributes
                0x00000000       0x33 ..\obj\stm32f4xx_hal_rcc.o
 .text          0x00000000       0x14 ..\obj\startup_stm32f429xx.o
 .data          0x00000000        0x0 ..\obj\startup_stm32f429xx.o
 .bss           0x00000000        0x0 ..\obj\startup_stm32f429xx.o
 .text          0x00000000        0x0 ..\obj\Message.o
 .data          0x00000000        0x0 ..\obj\Message.o
 .data          0x00000000        0x0 ..\obj\main.o
 .bss           0x00000000        0x0 ..\obj\main.o
 .text          0x00000000        0x0 c:/program files/gnu tools arm embedded/4.9 2015q1/bin/../lib/gcc/arm-none-eabi/4.9.3/armv7e-m/crtend.o
 .data          0x00000000        0x0 c:/program files/gnu tools arm embedded/4.9 2015q1/bin/../lib/gcc/arm-none-eabi/4.9.3/armv7e-m/crtend.o
 .bss           0x00000000        0x0 c:/program files/gnu tools arm embedded/4.9 2015q1/bin/../lib/gcc/arm-none-eabi/4.9.3/armv7e-m/crtend.o
 .eh_frame      0x00000000        0x4 c:/program files/gnu tools arm embedded/4.9 2015q1/bin/../lib/gcc/arm-none-eabi/4.9.3/armv7e-m/crtend.o
 .jcr           0x00000000        0x4 c:/program files/gnu tools arm embedded/4.9 2015q1/bin/../lib/gcc/arm-none-eabi/4.9.3/armv7e-m/crtend.o
 .ARM.attributes
                0x00000000       0x2e c:/program files/gnu tools arm embedded/4.9 2015q1/bin/../lib/gcc/arm-none-eabi/4.9.3/armv7e-m/crtend.o
 .text          0x00000000        0x0 c:/program files/gnu tools arm embedded/4.9 2015q1/bin/../lib/gcc/arm-none-eabi/4.9.3/armv7e-m/crtn.o
 .data          0x00000000        0x0 c:/program files/gnu tools arm embedded/4.9 2015q1/bin/../lib/gcc/arm-none-eabi/4.9.3/armv7e-m/crtn.o
 .bss           0x00000000        0x0 c:/program files/gnu tools arm embedded/4.9 2015q1/bin/../lib/gcc/arm-none-eabi/4.9.3/armv7e-m/crtn.o

Memory Configuration

Name             Origin             Length             Attributes
FLASH            0x08000000         0x00100000         xr
RAM              0x20000000         0x00020000         xrw
CCMRAM           0x10000000         0x00010000         rw
*default*        0x00000000         0xffffffff

Linker script and memory map

LOAD c:/program files/gnu tools arm embedded/4.9 2015q1/bin/../lib/gcc/arm-none-eabi/4.9.3/armv7e-m/crti.o
LOAD c:/program files/gnu tools arm embedded/4.9 2015q1/bin/../lib/gcc/arm-none-eabi/4.9.3/armv7e-m/crtbegin.o
LOAD c:/program files/gnu tools arm embedded/4.9 2015q1/bin/../lib/gcc/arm-none-eabi/4.9.3/../../../../arm-none-eabi/lib/armv7e-m/crt0.o
                0x2001ffff                _estack = 0x2001ffff
                0x00000200                _Min_Heap_Size = 0x200
                0x00000400                _Min_Stack_Size = 0x400

.isr_vector     0x08000000      0x1ac
                0x08000000                . = ALIGN (0x4)
 *(.isr_vector)
 .isr_vector    0x08000000      0x1ac ..\obj\startup_stm32f429xx.o
                0x08000000                g_pfnVectors
                0x080001ac                . = ALIGN (0x4)

.text           0x080001ac      0xcd0
                0x080001ac                . = ALIGN (0x4)
 *(.text)
 .text          0x080001ac       0x5c c:/program files/gnu tools arm embedded/4.9 2015q1/bin/../lib/gcc/arm-none-eabi/4.9.3/armv7e-m/crtbegin.o
 .text          0x08000208       0x78 ..\obj\ButtonSM.o
                0x08000208                buttonInitData
                0x08000220                buttonSM
 .text          0x08000280       0x48 ..\obj\initButton.o
                0x08000280                initButton
 .text          0x080002c8       0x30 ..\obj\Button.o
                0x080002c8                buttonPressed
 .text          0x080002f8       0x48 ..\obj\initLED.o
                0x080002f8                initLED
 .text          0x08000340      0x154 ..\obj\system_stm32f4xx.o
                0x08000340                SystemInit
                0x0800039c                SystemCoreClockUpdate
 .text          0x08000494       0x70 ..\obj\TimerExpires.o
                0x08000494                getCurrentTime
                0x080004cc                isTimerExpires
 .text          0x08000504      0x674 ..\obj\stm32f4xx_hal_gpio.o
                0x08000504                HAL_GPIO_Init
                0x0800084c                HAL_GPIO_DeInit
                0x08000a60                HAL_GPIO_ReadPin
                0x08000a90                HAL_GPIO_WritePin
                0x08000ac0                HAL_GPIO_TogglePin
                0x08000ae4                HAL_GPIO_LockPin
                0x08000b34                HAL_GPIO_EXTI_IRQHandler
                0x08000b64                HAL_GPIO_EXTI_Callback
 .text          0x08000b78      0x124 ..\obj\LedSM.o
                0x08000b78                ledInitData
                0x08000b90                ledSM
 .text          0x08000c9c       0x34 ..\obj\main.o
                0x08000c9c                main
 *(.text*)
 .text.__libc_init_array
                0x08000cd0       0x50 c:/program files/gnu tools arm embedded/4.9 2015q1/bin/../lib/gcc/arm-none-eabi/4.9.3/../../../../arm-none-eabi/lib/armv7e-m\libc.a(lib_a-init.o)
                0x08000cd0                __libc_init_array
 .text.startup.register_fini
                0x08000d20       0x14 c:/program files/gnu tools arm embedded/4.9 2015q1/bin/../lib/gcc/arm-none-eabi/4.9.3/../../../../arm-none-eabi/lib/armv7e-m\libc.a(lib_a-__call_atexit.o)
 .text.atexit   0x08000d34        0xc c:/program files/gnu tools arm embedded/4.9 2015q1/bin/../lib/gcc/arm-none-eabi/4.9.3/../../../../arm-none-eabi/lib/armv7e-m\libc.a(lib_a-atexit.o)
                0x08000d34                atexit
 .text.__libc_fini_array
                0x08000d40       0x2c c:/program files/gnu tools arm embedded/4.9 2015q1/bin/../lib/gcc/arm-none-eabi/4.9.3/../../../../arm-none-eabi/lib/armv7e-m\libc.a(lib_a-fini.o)
                0x08000d40                __libc_fini_array
 .text.__register_exitproc
                0x08000d6c       0xa4 c:/program files/gnu tools arm embedded/4.9 2015q1/bin/../lib/gcc/arm-none-eabi/4.9.3/../../../../arm-none-eabi/lib/armv7e-m\libc.a(lib_a-__atexit.o)
                0x08000d6c                __register_exitproc
 .text.Reset_Handler
                0x08000e10       0x50 ..\obj\startup_stm32f429xx.o
                0x08000e10                Reset_Handler
 .text.Default_Handler
                0x08000e60        0x2 ..\obj\startup_stm32f429xx.o
                0x08000e60                RTC_Alarm_IRQHandler
                0x08000e60                HASH_RNG_IRQHandler
                0x08000e60                EXTI2_IRQHandler
                0x08000e60                TIM8_CC_IRQHandler
                0x08000e60                DebugMon_Handler
                0x08000e60                UART8_IRQHandler
                0x08000e60                SPI4_IRQHandler
                0x08000e60                TIM1_CC_IRQHandler
                0x08000e60                DMA2_Stream5_IRQHandler
                0x08000e60                HardFault_Handler
                0x08000e60                DMA1_Stream5_IRQHandler
                0x08000e60                SysTick_Handler
                0x08000e60                PVD_IRQHandler
                0x08000e60                SDIO_IRQHandler
                0x08000e60                TAMP_STAMP_IRQHandler
                0x08000e60                PendSV_Handler
                0x08000e60                NMI_Handler
                0x08000e60                CAN2_RX1_IRQHandler
                0x08000e60                EXTI3_IRQHandler
                0x08000e60                TIM8_TRG_COM_TIM14_IRQHandler
                0x08000e60                TIM1_UP_TIM10_IRQHandler
                0x08000e60                TIM8_UP_TIM13_IRQHandler
                0x08000e60                I2C3_ER_IRQHandler
                0x08000e60                EXTI0_IRQHandler
                0x08000e60                I2C2_EV_IRQHandler
                0x08000e60                DMA1_Stream2_IRQHandler
                0x08000e60                CAN1_RX0_IRQHandler
                0x08000e60                FPU_IRQHandler
                0x08000e60                OTG_HS_WKUP_IRQHandler
                0x08000e60                UsageFault_Handler
                0x08000e60                LTDC_ER_IRQHandler
                0x08000e60                CAN2_SCE_IRQHandler
                0x08000e60                DMA2_Stream2_IRQHandler
                0x08000e60                SPI1_IRQHandler
                0x08000e60                TIM6_DAC_IRQHandler
                0x08000e60                TIM1_BRK_TIM9_IRQHandler
                0x08000e60                DCMI_IRQHandler
                0x08000e60                CAN2_RX0_IRQHandler
                0x08000e60                DMA2_Stream3_IRQHandler
                0x08000e60                USART6_IRQHandler
                0x08000e60                USART3_IRQHandler
                0x08000e60                CAN1_RX1_IRQHandler
                0x08000e60                UART5_IRQHandler
                0x08000e60                DMA2_Stream0_IRQHandler
                0x08000e60                TIM4_IRQHandler
                0x08000e60                I2C1_EV_IRQHandler
                0x08000e60                DMA1_Stream6_IRQHandler
                0x08000e60                DMA1_Stream1_IRQHandler
                0x08000e60                UART4_IRQHandler
                0x08000e60                TIM3_IRQHandler
                0x08000e60                RCC_IRQHandler
                0x08000e60                TIM8_BRK_TIM12_IRQHandler
                0x08000e60                Default_Handler
                0x08000e60                EXTI15_10_IRQHandler
                0x08000e60                ADC_IRQHandler
                0x08000e60                DMA1_Stream7_IRQHandler
                0x08000e60                SPI5_IRQHandler
                0x08000e60                TIM7_IRQHandler
                0x08000e60                CAN2_TX_IRQHandler
                0x08000e60                TIM5_IRQHandler
                0x08000e60                DMA2_Stream7_IRQHandler
                0x08000e60                I2C3_EV_IRQHandler
                0x08000e60                EXTI9_5_IRQHandler
                0x08000e60                RTC_WKUP_IRQHandler
                0x08000e60                LTDC_IRQHandler
                0x08000e60                ETH_WKUP_IRQHandler
                0x08000e60                SPI2_IRQHandler
                0x08000e60                OTG_HS_EP1_IN_IRQHandler
                0x08000e60                MemManage_Handler
                0x08000e60                DMA1_Stream0_IRQHandler
                0x08000e60                CAN1_TX_IRQHandler
                0x08000e60                SVC_Handler
                0x08000e60                EXTI4_IRQHandler
                0x08000e60                ETH_IRQHandler
                0x08000e60                OTG_HS_EP1_OUT_IRQHandler
                0x08000e60                WWDG_IRQHandler
                0x08000e60                SPI6_IRQHandler
                0x08000e60                TIM2_IRQHandler
                0x08000e60                OTG_FS_WKUP_IRQHandler
                0x08000e60                TIM1_TRG_COM_TIM11_IRQHandler
                0x08000e60                OTG_HS_IRQHandler
                0x08000e60                DMA2D_IRQHandler
                0x08000e60                EXTI1_IRQHandler
                0x08000e60                UART7_IRQHandler
                0x08000e60                USART2_IRQHandler
                0x08000e60                I2C2_ER_IRQHandler
                0x08000e60                DMA2_Stream1_IRQHandler
                0x08000e60                CAN1_SCE_IRQHandler
                0x08000e60                FLASH_IRQHandler
                0x08000e60                DMA2_Stream4_IRQHandler
                0x08000e60                BusFault_Handler
                0x08000e60                USART1_IRQHandler
                0x08000e60                OTG_FS_IRQHandler
                0x08000e60                SPI3_IRQHandler
                0x08000e60                DMA1_Stream4_IRQHandler
                0x08000e60                I2C1_ER_IRQHandler
                0x08000e60                FMC_IRQHandler
                0x08000e60                DMA2_Stream6_IRQHandler
                0x08000e60                SAI1_IRQHandler
                0x08000e60                DMA1_Stream3_IRQHandler
 *(.glue_7)
 .glue_7        0x00000000        0x0 linker stubs
 *(.glue_7t)
 .glue_7t       0x00000000        0x0 linker stubs
 *(.eh_frame)
 *fill*         0x08000e62        0x2 
 .eh_frame      0x08000e64        0x0 c:/program files/gnu tools arm embedded/4.9 2015q1/bin/../lib/gcc/arm-none-eabi/4.9.3/armv7e-m/crtbegin.o
 *(.init)
 .init          0x08000e64        0x4 c:/program files/gnu tools arm embedded/4.9 2015q1/bin/../lib/gcc/arm-none-eabi/4.9.3/armv7e-m/crti.o
                0x08000e64                _init
 .init          0x08000e68        0x8 c:/program files/gnu tools arm embedded/4.9 2015q1/bin/../lib/gcc/arm-none-eabi/4.9.3/armv7e-m/crtn.o
 *(.fini)
 .fini          0x08000e70        0x4 c:/program files/gnu tools arm embedded/4.9 2015q1/bin/../lib/gcc/arm-none-eabi/4.9.3/armv7e-m/crti.o
                0x08000e70                _fini
 .fini          0x08000e74        0x8 c:/program files/gnu tools arm embedded/4.9 2015q1/bin/../lib/gcc/arm-none-eabi/4.9.3/armv7e-m/crtn.o
                0x08000e7c                . = ALIGN (0x4)
                0x08000e7c                _etext = .

.vfp11_veneer   0x08000e7c        0x0
 .vfp11_veneer  0x00000000        0x0 linker stubs

.v4_bx          0x08000e7c        0x0
 .v4_bx         0x00000000        0x0 linker stubs

.iplt           0x08000e7c        0x0
 .iplt          0x00000000        0x0 c:/program files/gnu tools arm embedded/4.9 2015q1/bin/../lib/gcc/arm-none-eabi/4.9.3/armv7e-m/crtbegin.o

.rodata         0x08000e7c        0x8
                0x08000e7c                . = ALIGN (0x4)
 *(.rodata)
 *(.rodata*)
 .rodata.str1.4
                0x08000e7c        0x4 c:/program files/gnu tools arm embedded/4.9 2015q1/bin/../lib/gcc/arm-none-eabi/4.9.3/../../../../arm-none-eabi/lib/armv7e-m\libc.a(lib_a-impure.o)
 .rodata._global_impure_ptr
                0x08000e80        0x4 c:/program files/gnu tools arm embedded/4.9 2015q1/bin/../lib/gcc/arm-none-eabi/4.9.3/../../../../arm-none-eabi/lib/armv7e-m\libc.a(lib_a-impure.o)
                0x08000e80                _global_impure_ptr
                0x08000e84                . = ALIGN (0x4)

.rel.dyn        0x08000e84        0x0
 .rel.iplt      0x00000000        0x0 c:/program files/gnu tools arm embedded/4.9 2015q1/bin/../lib/gcc/arm-none-eabi/4.9.3/armv7e-m/crtbegin.o

.ARM.extab
 *(.ARM.extab* .gnu.linkonce.armextab.*)

.ARM            0x08000e84        0x0
                0x08000e84                __exidx_start = .
 *(.ARM.exidx*)
                0x08000e84                __exidx_end = .

.preinit_array  0x08000e84        0x0
                0x08000e84                PROVIDE (__preinit_array_start, .)
 *(.preinit_array*)
                0x08000e84                PROVIDE (__preinit_array_end, .)

.init_array     0x08000e84        0x8
                0x08000e84                PROVIDE (__init_array_start, .)
 *(SORT(.init_array.*))
 .init_array.00000
                0x08000e84        0x4 c:/program files/gnu tools arm embedded/4.9 2015q1/bin/../lib/gcc/arm-none-eabi/4.9.3/../../../../arm-none-eabi/lib/armv7e-m\libc.a(lib_a-__call_atexit.o)
 *(.init_array*)
 .init_array    0x08000e88        0x4 c:/program files/gnu tools arm embedded/4.9 2015q1/bin/../lib/gcc/arm-none-eabi/4.9.3/armv7e-m/crtbegin.o
                0x08000e8c                PROVIDE (__init_array_end, .)

.fini_array     0x08000e8c        0x4
                0x08000e8c                PROVIDE (__fini_array_start, .)
 *(SORT(.fini_array.*))
 *(.fini_array*)
 .fini_array    0x08000e8c        0x4 c:/program files/gnu tools arm embedded/4.9 2015q1/bin/../lib/gcc/arm-none-eabi/4.9.3/armv7e-m/crtbegin.o
                0x08000e90                PROVIDE (__fini_array_end, .)
                0x08000e90                _sidata = LOADADDR (.data)

.data           0x20000000      0x440 load address 0x08000e90
                0x20000000                . = ALIGN (0x4)
                0x20000000                _sdata = .
 *(.data)
 .data          0x20000000       0x14 ..\obj\system_stm32f4xx.o
                0x20000000                SystemCoreClock
                0x20000004                AHBPrescTable
 *(.data*)
 *fill*         0x20000014        0x4 
 .data.impure_data
                0x20000018      0x428 c:/program files/gnu tools arm embedded/4.9 2015q1/bin/../lib/gcc/arm-none-eabi/4.9.3/../../../../arm-none-eabi/lib/armv7e-m\libc.a(lib_a-impure.o)
                0x20000440                . = ALIGN (0x4)
                0x20000440                _edata = .
                0x080012d0                _siccmram = LOADADDR (.ccmram)

.jcr            0x20000440        0x0 load address 0x080012d0
 .jcr           0x20000440        0x0 c:/program files/gnu tools arm embedded/4.9 2015q1/bin/../lib/gcc/arm-none-eabi/4.9.3/armv7e-m/crtbegin.o

.igot.plt       0x20000440        0x0 load address 0x080012d0
 .igot.plt      0x00000000        0x0 c:/program files/gnu tools arm embedded/4.9 2015q1/bin/../lib/gcc/arm-none-eabi/4.9.3/armv7e-m/crtbegin.o

.ccmram         0x10000000        0x0 load address 0x080012d0
                0x10000000                . = ALIGN (0x4)
                0x10000000                _sccmram = .
 *(.ccmram)
 *(.ccmram*)
                0x10000000                . = ALIGN (0x4)
                0x10000000                _eccmram = .
                0x10000000                . = ALIGN (0x4)

.bss            0x20000440       0x2c
                0x20000440                _sbss = .
                0x20000440                __bss_start__ = _sbss
 *(.bss)
 .bss           0x20000440       0x1c c:/program files/gnu tools arm embedded/4.9 2015q1/bin/../lib/gcc/arm-none-eabi/4.9.3/armv7e-m/crtbegin.o
 .bss           0x2000045c        0xc ..\obj\TimerExpires.o
 .bss           0x20000468        0x1 ..\obj\Message.o
                0x20000468                msg
 *(.bss*)
 *(COMMON)
                0x2000046c                . = ALIGN (0x4)
 *fill*         0x20000469        0x3 
                0x2000046c                _ebss = .
                0x2000046c                __bss_end__ = _ebss

._user_heap_stack
                0x2000046c      0x600
                0x2000046c                . = ALIGN (0x4)
                0x2000046c                PROVIDE (end, .)
                0x2000046c                PROVIDE (_end, .)
                0x2000066c                . = (. + _Min_Heap_Size)
 *fill*         0x2000046c      0x200 
                0x20000a6c                . = (. + _Min_Stack_Size)
 *fill*         0x2000066c      0x400 
                0x20000a6c                . = ALIGN (0x4)

/DISCARD/
 libc.a(*)
 libm.a(*)
 libgcc.a(*)

.ARM.attributes
                0x00000000       0x2a
 *(.ARM.attributes)
 .ARM.attributes
                0x00000000       0x1e c:/program files/gnu tools arm embedded/4.9 2015q1/bin/../lib/gcc/arm-none-eabi/4.9.3/armv7e-m/crti.o
 .ARM.attributes
                0x0000001e       0x2e c:/program files/gnu tools arm embedded/4.9 2015q1/bin/../lib/gcc/arm-none-eabi/4.9.3/armv7e-m/crtbegin.o
 .ARM.attributes
                0x0000004c       0x33 ..\obj\ButtonSM.o
 .ARM.attributes
                0x0000007f       0x33 ..\obj\initButton.o
 .ARM.attributes
                0x000000b2       0x33 ..\obj\Button.o
 .ARM.attributes
                0x000000e5       0x33 ..\obj\initLED.o
 .ARM.attributes
                0x00000118       0x33 ..\obj\system_stm32f4xx.o
 .ARM.attributes
                0x0000014b       0x33 ..\obj\TimerExpires.o
 .ARM.attributes
                0x0000017e       0x33 ..\obj\stm32f4xx_hal_gpio.o
 .ARM.attributes
                0x000001b1       0x33 ..\obj\LedSM.o
 .ARM.attributes
                0x000001e4       0x21 ..\obj\startup_stm32f429xx.o
 .ARM.attributes
                0x00000205       0x33 ..\obj\Message.o
 .ARM.attributes
                0x00000238       0x33 ..\obj\main.o
 .ARM.attributes
                0x0000026b       0x1e c:/program files/gnu tools arm embedded/4.9 2015q1/bin/../lib/gcc/arm-none-eabi/4.9.3/armv7e-m/crtn.o
LOAD ..\obj\ButtonSM.o
LOAD ..\obj\stm32f4xx_hal_cortex.o
LOAD ..\obj\initButton.o
LOAD ..\obj\Button.o
LOAD ..\obj\initLED.o
LOAD ..\obj\system_stm32f4xx.o
LOAD ..\obj\stm32f4xx_hal.o
LOAD ..\obj\TimerExpires.o
LOAD ..\obj\stm32f4xx_hal_gpio.o
LOAD ..\obj\LedSM.o
LOAD ..\obj\stm32f4xx_hal_rcc.o
LOAD ..\obj\startup_stm32f429xx.o
LOAD ..\obj\Message.o
LOAD ..\obj\main.o
START GROUP
LOAD c:/program files/gnu tools arm embedded/4.9 2015q1/bin/../lib/gcc/arm-none-eabi/4.9.3/armv7e-m\libgcc.a
LOAD c:/program files/gnu tools arm embedded/4.9 2015q1/bin/../lib/gcc/arm-none-eabi/4.9.3/../../../../arm-none-eabi/lib/armv7e-m\libg.a
LOAD c:/program files/gnu tools arm embedded/4.9 2015q1/bin/../lib/gcc/arm-none-eabi/4.9.3/../../../../arm-none-eabi/lib/armv7e-m\libc.a
END GROUP
LOAD c:/program files/gnu tools arm embedded/4.9 2015q1/bin/../lib/gcc/arm-none-eabi/4.9.3/armv7e-m/crtend.o
LOAD c:/program files/gnu tools arm embedded/4.9 2015q1/bin/../lib/gcc/arm-none-eabi/4.9.3/armv7e-m/crtn.o
OUTPUT(Test.elf elf32-littlearm)

.debug_info     0x00000000     0x1c3b
 .debug_info    0x00000000      0x178 ..\obj\ButtonSM.o
 .debug_info    0x00000178      0x3b3 ..\obj\initButton.o
 .debug_info    0x0000052b      0x1c1 ..\obj\Button.o
 .debug_info    0x000006ec      0x3b3 ..\obj\initLED.o
 .debug_info    0x00000a9f      0x4b4 ..\obj\system_stm32f4xx.o
 .debug_info    0x00000f53       0xf3 ..\obj\TimerExpires.o
 .debug_info    0x00001046      0x712 ..\obj\stm32f4xx_hal_gpio.o
 .debug_info    0x00001758      0x26a ..\obj\LedSM.o
 .debug_info    0x000019c2       0xb7 ..\obj\startup_stm32f429xx.o
 .debug_info    0x00001a79       0x4b ..\obj\Message.o
 .debug_info    0x00001ac4      0x177 ..\obj\main.o

.debug_abbrev   0x00000000      0x8f8
 .debug_abbrev  0x00000000       0xde ..\obj\ButtonSM.o
 .debug_abbrev  0x000000de       0xf4 ..\obj\initButton.o
 .debug_abbrev  0x000001d2       0xd8 ..\obj\Button.o
 .debug_abbrev  0x000002aa       0xf4 ..\obj\initLED.o
 .debug_abbrev  0x0000039e       0xff ..\obj\system_stm32f4xx.o
 .debug_abbrev  0x0000049d       0x89 ..\obj\TimerExpires.o
 .debug_abbrev  0x00000526      0x1aa ..\obj\stm32f4xx_hal_gpio.o
 .debug_abbrev  0x000006d0      0x128 ..\obj\LedSM.o
 .debug_abbrev  0x000007f8       0x12 ..\obj\startup_stm32f429xx.o
 .debug_abbrev  0x0000080a       0x42 ..\obj\Message.o
 .debug_abbrev  0x0000084c       0xac ..\obj\main.o

.debug_aranges  0x00000000      0x160
 .debug_aranges
                0x00000000       0x20 ..\obj\ButtonSM.o
 .debug_aranges
                0x00000020       0x20 ..\obj\initButton.o
 .debug_aranges
                0x00000040       0x20 ..\obj\Button.o
 .debug_aranges
                0x00000060       0x20 ..\obj\initLED.o
 .debug_aranges
                0x00000080       0x20 ..\obj\system_stm32f4xx.o
 .debug_aranges
                0x000000a0       0x20 ..\obj\TimerExpires.o
 .debug_aranges
                0x000000c0       0x20 ..\obj\stm32f4xx_hal_gpio.o
 .debug_aranges
                0x000000e0       0x20 ..\obj\LedSM.o
 .debug_aranges
                0x00000100       0x28 ..\obj\startup_stm32f429xx.o
 .debug_aranges
                0x00000128       0x18 ..\obj\Message.o
 .debug_aranges
                0x00000140       0x20 ..\obj\main.o

.debug_line     0x00000000     0x11d4
 .debug_line    0x00000000      0x16e ..\obj\ButtonSM.o
 .debug_line    0x0000016e      0x1c5 ..\obj\initButton.o
 .debug_line    0x00000333      0x1c0 ..\obj\Button.o
 .debug_line    0x000004f3      0x1c2 ..\obj\initLED.o
 .debug_line    0x000006b5      0x174 ..\obj\system_stm32f4xx.o
 .debug_line    0x00000829      0x13a ..\obj\TimerExpires.o
 .debug_line    0x00000963      0x3e8 ..\obj\stm32f4xx_hal_gpio.o
 .debug_line    0x00000d4b      0x1fe ..\obj\LedSM.o
 .debug_line    0x00000f49       0xad ..\obj\startup_stm32f429xx.o
 .debug_line    0x00000ff6       0x70 ..\obj\Message.o
 .debug_line    0x00001066      0x16e ..\obj\main.o

.debug_str      0x00000000      0x904
 .debug_str     0x00000000      0x1f2 ..\obj\ButtonSM.o
                                0x239 (size before relaxing)
 .debug_str     0x000001f2      0x1e4 ..\obj\initButton.o
                                0x359 (size before relaxing)
 .debug_str     0x000003d6       0x87 ..\obj\Button.o
                                0x23f (size before relaxing)
 .debug_str     0x0000045d       0x5a ..\obj\initLED.o
                                0x353 (size before relaxing)
 .debug_str     0x000004b7      0x104 ..\obj\system_stm32f4xx.o
                                0x344 (size before relaxing)
 .debug_str     0x000005bb       0x96 ..\obj\TimerExpires.o
                                0x197 (size before relaxing)
 .debug_str     0x00000651      0x1b8 ..\obj\stm32f4xx_hal_gpio.o
                                0x50f (size before relaxing)
 .debug_str     0x00000809       0x60 ..\obj\LedSM.o
                                0x2a8 (size before relaxing)
 .debug_str     0x00000869       0x43 ..\obj\Message.o
                                 0xcb (size before relaxing)
 .debug_str     0x000008ac       0x58 ..\obj\main.o
                                0x232 (size before relaxing)

.comment        0x00000000       0x70
 .comment       0x00000000       0x70 ..\obj\ButtonSM.o
                                 0x71 (size before relaxing)
 .comment       0x00000000       0x71 ..\obj\initButton.o
 .comment       0x00000000       0x71 ..\obj\Button.o
 .comment       0x00000000       0x71 ..\obj\initLED.o
 .comment       0x00000000       0x71 ..\obj\system_stm32f4xx.o
 .comment       0x00000000       0x71 ..\obj\TimerExpires.o
 .comment       0x00000000       0x71 ..\obj\stm32f4xx_hal_gpio.o
 .comment       0x00000000       0x71 ..\obj\LedSM.o
 .comment       0x00000000       0x71 ..\obj\Message.o
 .comment       0x00000000       0x71 ..\obj\main.o

.debug_frame    0x00000000      0x37c
 .debug_frame   0x00000000       0x5c ..\obj\ButtonSM.o
 .debug_frame   0x0000005c       0x34 ..\obj\initButton.o
 .debug_frame   0x00000090       0x34 ..\obj\Button.o
 .debug_frame   0x000000c4       0x34 ..\obj\initLED.o
 .debug_frame   0x000000f8       0x58 ..\obj\system_stm32f4xx.o
 .debug_frame   0x00000150       0x54 ..\obj\TimerExpires.o
 .debug_frame   0x000001a4      0x14c ..\obj\stm32f4xx_hal_gpio.o
 .debug_frame   0x000002f0       0x5c ..\obj\LedSM.o
 .debug_frame   0x0000034c       0x30 ..\obj\main.o

.debug_ranges   0x00000000       0x20
 .debug_ranges  0x00000000       0x20 ..\obj\startup_stm32f429xx.o
